// Jest Snapshot v1, https://goo.gl/fbAQLP

exports[`<ErrorPage /> should render the heading 1`] = `
.c3 {
  color: #FAFAFA;
  position: relative;
  margin-bottom: 3.2rem;
  font-size: 2.0rem;
}

.c3::after {
  position: absolute;
  left: 0;
  bottom: -1rem;
  content: '';
  width: 5rem;
  border-bottom: 0.5rem solid #3CD3C1;
}

.c0 {
  display: -webkit-box;
  display: -webkit-flex;
  display: -ms-flexbox;
  display: flex;
  -webkit-align-items: center;
  -webkit-box-align: center;
  -ms-flex-align: center;
  align-items: center;
  -webkit-box-pack: center;
  -webkit-justify-content: center;
  -ms-flex-pack: center;
  justify-content: center;
  -webkit-flex-direction: column;
  -ms-flex-direction: column;
  flex-direction: column;
  padding: 5.6rem;
}

.c1 {
  margin: 0.8rem;
}

@media (min-width:768px) {
  .c3 {
    font-size: 2.8rem;
  }
}

@media (max-width:768px) {
  .c0 .c2 {
    font-size: 1.6rem;
  }
}

@media (max-width:768px) {
  .c1 {
    width: 90%;
  }
}

<main
  class="c0"
>
  <img
    alt="Um robo quebrado"
    class="c1"
    src="/img/error.png"
  />
  <h2
    class="c2 c3"
    color="white"
  >
    Algo deu errado. Tente novamente mais tarde!
  </h2>
</main>
`;
