// Jest Snapshot v1, https://goo.gl/fbAQLP

exports[`<Navbar /> should render the heading 1`] = `
.c1 {
  color: #FAFAFA;
  font-size: 5.2rem;
}

.c0 {
  padding: 0.8rem;
  cursor: pointer;
}

<nav
  class="c0"
>
  <a
    href="/"
  >
    <h2
      class="c1"
      color="white"
    >
      TOP TRACKS
    </h2>
  </a>
</nav>
`;
