// Jest Snapshot v1, https://goo.gl/fbAQLP

exports[`<Navbar /> should render the heading 1`] = `
.c2 {
  color: #FAFAFA;
  position: relative;
  margin-bottom: 3.2rem;
  font-size: 5.2rem;
}

.c2::after {
  position: absolute;
  left: 0;
  bottom: -1rem;
  content: '';
  width: 5rem;
  border-bottom: 0.5rem solid #3CD3C1;
}

.c0 {
  padding: 0.8rem;
}

.c1 {
  -webkit-text-decoration: none;
  text-decoration: none;
  cursor: pointer;
}

<nav
  class="c0"
>
  <a
    class="c1"
    href="/"
  >
    <h2
      class="c2"
      color="white"
    >
      TOP TRACKS
    </h2>
  </a>
</nav>
`;
